2025-03-05 20:03:55,098 - INFO - 已加载 50 条现有记录
2025-03-05 20:04:05,099 - INFO - 正在处理 beijing (1/367)...
2025-03-05 20:04:06,082 - INFO - 成功获取 beijing 的数据
2025-03-05 20:04:06,082 - INFO - 更新 beijing 的数据
2025-03-05 20:04:06,082 - INFO - 预计剩余时间: 67.0 分钟
2025-03-05 20:04:16,089 - INFO - 正在处理 shanghai (2/367)...
2025-03-05 20:04:17,276 - INFO - 成功获取 shanghai 的数据
2025-03-05 20:04:17,278 - INFO - 更新 shanghai 的数据
2025-03-05 20:04:17,278 - INFO - 预计剩余时间: 67.5 分钟
2025-03-05 20:04:27,297 - INFO - 正在处理 tianjin (3/367)...
2025-03-05 20:04:28,994 - INFO - 成功获取 tianjin 的数据
2025-03-05 20:04:28,995 - INFO - 更新 tianjin 的数据
2025-03-05 20:04:28,995 - INFO - 预计剩余时间: 68.5 分钟
2025-03-05 20:04:39,000 - INFO - 正在处理 chongqing (4/367)...
2025-03-05 20:04:40,741 - INFO - 成功获取 chongqing 的数据
2025-03-05 20:04:40,742 - INFO - 更新 chongqing 的数据
2025-03-05 20:04:40,742 - INFO - 预计剩余时间: 69.0 分钟
2025-03-05 20:04:50,749 - INFO - 正在处理 nanjing (5/367)...
2025-03-05 20:04:51,958 - INFO - 成功获取 nanjing 的数据
2025-03-05 20:04:51,961 - INFO - 更新 nanjing 的数据
2025-03-05 20:04:51,961 - INFO - 预计剩余时间: 68.6 分钟
2025-03-05 20:05:01,966 - INFO - 正在处理 changshu (6/367)...
2025-03-05 20:05:03,834 - INFO - 成功获取 changshu 的数据
2025-03-05 20:05:03,835 - INFO - 更新 changshu 的数据
2025-03-05 20:05:03,835 - INFO - 预计剩余时间: 68.9 分钟
2025-03-05 20:05:13,841 - INFO - 正在处理 changzhou (7/367)...
2025-03-05 20:05:15,918 - INFO - 成功获取 changzhou 的数据
2025-03-05 20:05:15,919 - INFO - 更新 changzhou 的数据
2025-03-05 20:05:15,919 - INFO - 预计剩余时间: 69.3 分钟
2025-03-05 20:05:25,924 - INFO - 正在处理 huaian (8/367)...
2025-03-05 20:05:26,856 - INFO - 成功获取 huaian 的数据
2025-03-05 20:05:26,857 - INFO - 更新 huaian 的数据
2025-03-05 20:05:26,857 - INFO - 预计剩余时间: 68.6 分钟
2025-03-05 20:05:36,860 - INFO - 正在处理 kunshan (9/367)...
2025-03-05 20:05:54,019 - INFO - 成功获取 kunshan 的数据
2025-03-05 20:05:54,020 - INFO - 更新 kunshan 的数据
2025-03-05 20:05:54,021 - INFO - 预计剩余时间: 78.8 分钟
2025-03-05 20:06:04,026 - INFO - 正在处理 lianyungang (10/367)...
2025-03-05 20:06:05,767 - INFO - 成功获取 lianyungang 的数据
2025-03-05 20:06:05,767 - INFO - 更新 lianyungang 的数据
2025-03-05 20:06:05,817 - INFO - 已保存结果到: get_robots_analysis.xlsx
2025-03-05 20:06:05,817 - INFO - 预计剩余时间: 77.8 分钟
2025-03-05 20:06:15,822 - INFO - 正在处理 nantong (11/367)...
2025-03-05 20:06:16,937 - INFO - 成功获取 nantong 的数据
2025-03-05 20:06:16,938 - INFO - 更新 nantong 的数据
2025-03-05 20:06:16,938 - INFO - 预计剩余时间: 76.5 分钟
2025-03-05 20:06:26,943 - INFO - 正在处理 suzhou (12/367)...
2025-03-05 20:06:28,725 - INFO - 成功获取 suzhou 的数据
2025-03-05 20:06:28,726 - INFO - 更新 suzhou 的数据
2025-03-05 20:06:28,726 - INFO - 预计剩余时间: 75.7 分钟
2025-03-05 20:07:11,619 - INFO - 已加载 50 条现有记录
2025-03-05 20:07:11,619 - INFO - 跳过 beijing - 已存在且状态为1
2025-03-05 20:07:11,619 - INFO - 跳过 shanghai - 已存在且状态为1
2025-03-05 20:07:21,626 - INFO - 正在处理 tianjin (3/367)...
2025-03-05 20:07:23,400 - INFO - 成功获取 tianjin 的数据
2025-03-05 20:07:23,401 - INFO - 更新 tianjin 的数据
2025-03-05 20:07:23,401 - INFO - 预计剩余时间: 23.8 分钟
2025-03-05 20:07:33,403 - INFO - 正在处理 chongqing (4/367)...
2025-03-05 20:07:35,092 - INFO - 成功获取 chongqing 的数据
2025-03-05 20:07:35,092 - INFO - 更新 chongqing 的数据
2025-03-05 20:07:35,092 - INFO - 预计剩余时间: 35.5 分钟
2025-03-05 20:07:35,092 - INFO - 跳过 nanjing - 已存在且状态为1
2025-03-05 20:07:45,099 - INFO - 正在处理 changshu (6/367)...
2025-03-05 20:07:45,931 - INFO - 成功获取 changshu 的数据
2025-03-05 20:07:45,932 - INFO - 更新 changshu 的数据
2025-03-05 20:07:45,932 - INFO - 预计剩余时间: 34.4 分钟
2025-03-05 20:07:55,944 - INFO - 正在处理 changzhou (7/367)...
2025-03-05 20:07:57,843 - INFO - 成功获取 changzhou 的数据
2025-03-05 20:07:57,844 - INFO - 更新 changzhou 的数据
2025-03-05 20:07:57,844 - INFO - 预计剩余时间: 39.6 分钟
2025-03-05 20:07:57,845 - INFO - 跳过 huaian - 已存在且状态为1
2025-03-05 20:08:07,849 - INFO - 正在处理 kunshan (9/367)...
2025-03-05 20:08:09,735 - INFO - 成功获取 kunshan 的数据
2025-03-05 20:08:09,736 - INFO - 更新 kunshan 的数据
2025-03-05 20:08:09,736 - INFO - 预计剩余时间: 38.5 分钟
2025-03-05 20:08:19,742 - INFO - 正在处理 lianyungang (10/367)...
2025-03-05 20:08:21,490 - INFO - 成功获取 lianyungang 的数据
2025-03-05 20:08:21,490 - INFO - 更新 lianyungang 的数据
2025-03-05 20:08:21,544 - INFO - 已保存结果到: get_robots_analysis.xlsx
2025-03-05 20:08:21,544 - INFO - 预计剩余时间: 41.6 分钟
2025-03-05 20:08:31,545 - INFO - 正在处理 nantong (11/367)...
2025-03-05 20:08:32,525 - INFO - 成功获取 nantong 的数据
2025-03-05 20:08:32,525 - INFO - 更新 nantong 的数据
2025-03-05 20:08:32,525 - INFO - 预计剩余时间: 43.6 分钟
2025-03-05 20:08:35,854 - INFO - 已加载 50 条现有记录
2025-03-05 20:08:35,854 - INFO - 跳过 beijing - 已存在且状态为1
2025-03-05 20:08:45,860 - INFO - 正在处理 shanghai (2/8)...
2025-03-05 20:08:46,757 - INFO - 成功获取 shanghai 的数据
2025-03-05 20:08:46,758 - INFO - 更新 shanghai 的数据
2025-03-05 20:08:46,758 - INFO - 预计剩余时间: 0.5 分钟
2025-03-05 20:08:56,762 - INFO - 正在处理 tianjin (3/8)...
2025-03-05 20:08:58,436 - INFO - 成功获取 tianjin 的数据
2025-03-05 20:08:58,437 - INFO - 更新 tianjin 的数据
2025-03-05 20:08:58,437 - INFO - 预计剩余时间: 0.6 分钟
2025-03-05 20:09:08,445 - INFO - 正在处理 chongqing (4/8)...
2025-03-05 20:09:10,490 - INFO - 成功获取 chongqing 的数据
2025-03-05 20:09:10,490 - INFO - 更新 chongqing 的数据
2025-03-05 20:09:10,490 - INFO - 预计剩余时间: 0.6 分钟
2025-03-05 20:09:10,491 - INFO - 跳过 nanjing - 已存在且状态为1
2025-03-05 20:09:10,491 - INFO - 跳过 changshu - 已存在且状态为1
2025-03-05 20:09:20,497 - INFO - 正在处理 changzhou (7/8)...
2025-03-05 20:09:22,398 - INFO - 成功获取 changzhou 的数据
2025-03-05 20:09:22,401 - INFO - 更新 changzhou 的数据
2025-03-05 20:09:22,401 - INFO - 预计剩余时间: 0.1 分钟
2025-03-05 20:09:22,402 - INFO - 跳过 huaian - 已存在且状态为1
2025-03-05 20:09:22,440 - INFO - 已保存结果到: get_robots_analysis.xlsx
2025-03-05 20:09:22,440 - INFO - 处理完成！总耗时: 0.8 分钟
2025-03-05 20:09:22,440 - INFO - 成功处理城市数: 50
2025-03-05 20:10:52,387 - INFO - 已加载 50 条现有记录
2025-03-05 20:10:52,388 - INFO - 跳过 beijing - 已存在且状态为1
2025-03-05 20:10:52,388 - INFO - 跳过 shanghai - 已存在且状态为1
2025-03-05 20:10:52,388 - INFO - 跳过 tianjin - 已存在且状态为1
2025-03-05 20:11:02,390 - INFO - 正在处理 chongqing (4/8)...
2025-03-05 20:11:04,076 - INFO - 成功获取 chongqing 的数据
2025-03-05 20:11:04,077 - INFO - 更新 chongqing 的数据
2025-03-05 20:11:04,077 - INFO - 预计剩余时间: 0.2 分钟
2025-03-05 20:11:04,077 - INFO - 跳过 nanjing - 已存在且状态为1
2025-03-05 20:11:14,080 - INFO - 正在处理 changshu (6/8)...
2025-03-05 20:11:15,369 - INFO - 成功获取 changshu 的数据
2025-03-05 20:11:15,369 - INFO - 更新 changshu 的数据
2025-03-05 20:11:15,369 - INFO - 预计剩余时间: 0.1 分钟
2025-03-05 20:11:25,374 - INFO - 正在处理 changzhou (7/8)...
2025-03-05 20:11:27,108 - INFO - 成功获取 changzhou 的数据
2025-03-05 20:11:27,109 - INFO - 更新 changzhou 的数据
2025-03-05 20:11:27,109 - INFO - 预计剩余时间: 0.1 分钟
2025-03-05 20:11:27,109 - INFO - 跳过 huaian - 已存在且状态为1
2025-03-05 20:11:27,154 - INFO - 已保存结果到: get_robots_analysis.xlsx
2025-03-05 20:11:27,155 - INFO - 处理完成！总耗时: 0.6 分钟
2025-03-05 20:11:27,155 - INFO - 成功处理城市数: 50
